
> student-attendance-app@0.0.0 build
> tsc && vite build

[36mvite v5.4.21 [32mbuilding for production...[36m[39m
transforming...
[32mΓ£ô[39m 3600 modules transformed.
rendering chunks...
computing gzip size...
[2mdist/[22m[32mindex.html                          [39m[1m[2m  1.08 kB[22m[1m[22m[2m Γöé gzip:   0.53 kB[22m
[2mdist/[22m[35massets/index-BCGFVl2U.css           [39m[1m[2m 31.78 kB[22m[1m[22m[2m Γöé gzip:   5.77 kB[22m
[2mdist/[22m[36massets/smartphone-Cxy5uRAK.js       [39m[1m[2m  0.37 kB[22m[1m[22m[2m Γöé gzip:   0.29 kB[22m
[2mdist/[22m[36massets/book-open-C7UqF5gn.js        [39m[1m[2m  0.39 kB[22m[1m[22m[2m Γöé gzip:   0.29 kB[22m
[2mdist/[22m[36massets/graduation-cap-M-3Tl_ui.js   [39m[1m[2m  0.50 kB[22m[1m[22m[2m Γöé gzip:   0.35 kB[22m
[2mdist/[22m[36massets/calendar-clock-jdaXXZJM.js   [39m[1m[2m  0.55 kB[22m[1m[22m[2m Γöé gzip:   0.36 kB[22m
[2mdist/[22m[36massets/trash-2-BvCxMBAQ.js          [39m[1m[2m  0.80 kB[22m[1m[22m[2m Γöé gzip:   0.40 kB[22m
[2mdist/[22m[36massets/clsx-yiloLE8K.js             [39m[1m[2m  1.22 kB[22m[1m[22m[2m Γöé gzip:   0.63 kB[22m
[2mdist/[22m[36massets/Classes-CQ44aep0.js          [39m[1m[2m  3.05 kB[22m[1m[22m[2m Γöé gzip:   1.25 kB[22m
[2mdist/[22m[36massets/Login-DT_noGKZ.js            [39m[1m[2m  3.37 kB[22m[1m[22m[2m Γöé gzip:   1.36 kB[22m
[2mdist/[22m[36massets/Schedules-DIn_14z1.js        [39m[1m[2m  5.79 kB[22m[1m[22m[2m Γöé gzip:   1.72 kB[22m
[2mdist/[22m[36massets/Teachers-Dtyyyfm_.js         [39m[1m[2m  5.88 kB[22m[1m[22m[2m Γöé gzip:   1.90 kB[22m
[2mdist/[22m[36massets/Layout-C71N_vhT.js           [39m[1m[2m  6.19 kB[22m[1m[22m[2m Γöé gzip:   2.25 kB[22m
[2mdist/[22m[36massets/Attendance-fXaDZ0Kr.js       [39m[1m[2m  6.84 kB[22m[1m[22m[2m Γöé gzip:   2.49 kB[22m
[2mdist/[22m[36massets/Students-B5OLVMHV.js         [39m[1m[2m  6.89 kB[22m[1m[22m[2m Γöé gzip:   2.20 kB[22m
[2mdist/[22m[36massets/format-CKifYSfH.js           [39m[1m[2m 20.62 kB[22m[1m[22m[2m Γöé gzip:   5.81 kB[22m
[2mdist/[22m[36massets/purify.es-B9ZVCkUG.js        [39m[1m[2m 22.64 kB[22m[1m[22m[2m Γöé gzip:   8.75 kB[22m
[2mdist/[22m[36massets/index.es-D0L87xlB.js         [39m[1m[2m150.51 kB[22m[1m[22m[2m Γöé gzip:  51.46 kB[22m
[2mdist/[22m[36massets/html2canvas.esm-CBrSDip1.js  [39m[1m[2m201.42 kB[22m[1m[22m[2m Γöé gzip:  48.03 kB[22m
[2mdist/[22m[36massets/index-281YkczX.js            [39m[1m[2m351.16 kB[22m[1m[22m[2m Γöé gzip: 102.77 kB[22m
node.exe : [33m
At line:1 char:1
+ & "C:\Program File
s\nodejs/node.exe" 
"C:\Program Files\no
dejs/node_mo ...
+ ~~~~~~~~~~~~~~~~~~
~~~~~~~~~~~~~~~~~~~~
~~~~~~~~~~~~~~~~~~~~
~~~~~~~~~~~
    + CategoryInfo  
            : NotS  
  pecified: ([33   
 m:String) [], R    
emoteException
    + FullyQualifie 
   dErrorId : Nati  
  veCommandError
 
(!) Some chunks are 
larger than 500 kB 
after minification. 
Consider:
- Using dynamic 
import() to 
code-split the 
application
- Use build.rollupOp
tions.output.manualC
hunks to improve 
chunking: https://ro
llupjs.org/configura
tion-options/#output
-manualchunks
- Adjust chunk size 
limit for this 
warning via build.ch
unkSizeWarningLimit.
[39m
[2mdist/[22m[36massets/Dashboard-BATyZDK8.js        [39m[1m[2m384.03 kB[22m[1m[22m[2m Γöé gzip: 113.80 kB[22m
[2mdist/[22m[36massets/Kiosk-hNZ2A2-S.js            [39m[1m[33m656.06 kB[39m[22m[2m Γöé gzip: 162.04 kB[22m
[2mdist/[22m[36massets/Reports-CRNZfN8_.js          [39m[1m[33m711.73 kB[39m[22m[2m Γöé gzip: 235.09 kB[22m
[32mΓ£ô built in 27.22s[39m
